>>> add_integer = __import__('0-add_integer').add_integer
>>> add_integer(1, 3)
4
>>> add_integer(2)
100
>>> add_integer(2.5, 3)
5
>>> add_integer(2, "hello")
Traceback (most recent call last):
TypeError: b must be an integer
