>>> matrix_divided = __import__('2-matrix_divided').matrix_divided
>>> matrix = [[2, 2, 4], [6, 8, 10]]
>>> print(matrix_divided(matrix, 3))
[[0.67, 0.67, 1.33], [2.0, 2.67, 3.33]]
>>> print(matrix_divided(matrix, 2))
[[1.0, 1.0, 2.0], [3.0, 4.0, 5.0]]
>>> print(matrix_divided(matrix, 0))
Traceback (most recent call last):
ZeroDivisionError: division by zero
>>> print(matrix_divided(matrix))
Traceback (most recent call last):
TypeError: matrix_divided() missing 1 required positional argument: 'div'
>>> print(matrix_divided(matrix, 'hello'))
Traceback (most recent call last):
TypeError: div must be a number
>>> print(matrix_divided())
Traceback (most recent call last):
TypeError: matrix_divided() missing 2 required positional arguments: 'matrix' and 'div'
