>>> say_my_name = __import__('3-say_my_name').say_my_name


>>> say_my_name("umugabo", "Fred ")
My name is umugabo Fred

Check wrong value for first name
>>> say_my_name(2000, "Muhire")
Traceback (most recent call last):
        ...
TypeError: first_name must be a string

>>> say_my_name(None, "muhire")
Traceback (most recent call last):
        ...
TypeError: first_name must be a string

Check wrong value for last name
>>> say_my_name("Nono", 2011)
Traceback (most recent call last):
        ...
TypeError: last_name must be a string

Check missing arguments
>>> say_my_name()
Traceback (most recent call last):
	...
TypeError: say_my_name() missing 1 required positional argument: 'first_name'
