Importing the class from the module:
>>> BaseGeometry = __import__("7-base_geometry").BaseGeometry

Checking for module docstring:
>>> m = __import__("7-base_geometry").__doc__
>>> len(m) > 1
True

Checking for class docstring:
>>> c = __import__("7-base_geometry").BaseGeometry.__doc__
>>> len(c) > 1
True

Checking area method implementation:
>>> bg = BaseGeometry()
>>> try:
...     bg.area()
... except Exception as e:
...     print(e)
area() is not implemented

Checking integer_validator method implementation with valid integer values:
>>> bg = BaseGeometry()
>>> bg.integer_validator("test", 10)

Checking integer_validator method implementation with invalid integer values:
>>> bg = BaseGeometry()
>>> try:
...     bg.integer_validator("test", "string")
... except Exception as e:
...     print(e)
test must be an integer
>>> try:
...     bg.integer_validator("test", 0)
... except Exception as e:
...     print(e)
test must be greater than 0
>>> try:
...     bg.integer_validator("test", -10)
... except Exception as e:
...     print(e)
test must be greater than 0
